   SW   perc perc perc  query     position in query        matching   repeat           position in repeat
score   div. del. ins.  sequence  begin  end      (left)   repeat     class/family   begin  end    (left)  ID

   13   21.0  2.6  0.0  X1          1519   1557 (123483) + (ATTGTTT)n Simple_repeat       1     40    (0)   1  
   12   22.4  0.0  2.7  X1          2155   2192 (122848) + (ACATCAC)n Simple_repeat       1     37    (0)   2  
   17   13.0  2.9  0.0  X1          2849   2882 (122158) + (TCTC)n    Simple_repeat       1     35    (0)   3  
   16   17.2  7.4  1.8  X1          2883   2936 (122104) + GA-rich    Low_complexity      1     57    (0)   4  
   25   17.4  0.0  0.0  X1          6776   6794 (118246) + A-rich     Low_complexity      1     19    (0)   5  
   35    0.0  0.0  0.0  X1          6795   6824 (118216) + (GA)n      Simple_repeat       1     30    (0)   6  
   25   17.4  0.0  0.0  X1          6825   6851 (118189) + A-rich     Low_complexity     20     46    (0)   7  
   12   19.1  1.8  9.4  X1          8796   8852 (116188) + (ATTGAT)n  Simple_repeat       1     53    (0)   8  
   12   21.5  3.9  3.9  X1         10936  10987 (114053) + (TTGTTAT)n Simple_repeat       1     52    (0)   9  
   22    4.0  0.0  0.0  X1         12603  12628 (112412) + (T)n       Simple_repeat       1     26    (0)  10  
   21   19.9  0.0  0.0  X1         16694  16733 (108307) + A-rich     Low_complexity      1     40    (0)  11  
   12   20.5  2.9  0.0  X1         17586  17619 (107421) + (ATTT)n    Simple_repeat       1     35    (0)  12  
   16   19.6  6.1  2.0  X1         21012  21060 (103980) + (TA)n      Simple_repeat       1     51    (0)  13  
   12   17.0  0.0  5.7  X1         21790  21826 (103214) + (TTTTCT)n  Simple_repeat       1     35    (0)  14  
   38    0.0  0.0  0.0  X1         25458  25490  (99550) + (AT)n      Simple_repeat       1     33    (0)  15  
   15   13.2  0.0  5.7  X1         28278  28314  (96726) + (TAAT)n    Simple_repeat       1     35    (0)  16  
   16   16.1  0.0  0.0  X1         28455  28482  (96558) + (T)n       Simple_repeat       1     28    (0)  17  
   15   17.4  4.3  2.1  X1         28483  28501  (96539) + (TTTGATT)n Simple_repeat       1     48    (0)  18  
   18    4.1  0.0  0.0  X1         28743  28767  (96273) + (AAG)n     Simple_repeat       1     25    (0)  19  
   14    9.3  0.0  0.0  X1         29704  29726  (95314) + (GTA)n     Simple_repeat       1     23    (0)  20  
   20    3.5  0.0  3.3  X1         31227  31257  (93783) + (CAA)n     Simple_repeat       1     30    (0)  21  
   12   15.3  3.9  8.2  X1         32035  32085  (92955) + (ATCTTG)n  Simple_repeat       1     49    (0)  22  
   14   25.0  0.0  0.0  X1         32763  32800  (92240) + (GAT)n     Simple_repeat       1     38    (0)  23  
   22    0.0  0.0  0.0  X1         33133  33156  (91884) + (T)n       Simple_repeat       1     24    (0)  24  
   13    9.3  0.0  0.0  X1         41857  41879  (83161) + (TTTA)n    Simple_repeat       1     23    (0)  25  
   13   24.8  3.0  4.5  X1         45961  46027  (79013) + A-rich     Low_complexity      1     66    (0)  26  
   12   20.0  0.0  0.0  X1         47498  47526  (77514) + A-rich     Low_complexity      1     29    (0)  27  
   18   21.1  0.0  0.0  X1         48856  48893  (76147) + (TA)n      Simple_repeat       1     38    (0)  28  
   24   11.7  0.0  0.0  X1         49014  49050  (75990) + (AT)n      Simple_repeat       1     37    (0)  29  
   13   13.2  0.0  0.0  X1         49704  49728  (75312) + (AAAT)n    Simple_repeat       1     25    (0)  30  
   16   15.9  0.0  0.0  X1         50554  50581  (74459) + (T)n       Simple_repeat       1     28    (0)  31  
   16   13.2  0.0  0.0  X1         51008  51032  (74008) + (A)n       Simple_repeat       1     25    (0)  32  
   17    0.0  0.0  0.0  X1         52283  52301  (72739) + (A)n       Simple_repeat       1     19    (0)  33  
   14    5.0  0.0  0.0  X1         53295  53315  (71725) + (TCTT)n    Simple_repeat       1     21    (0)  34  
   17    5.0  0.0  0.0  X1         53843  53863  (71177) + (T)n       Simple_repeat       1     21    (0)  35  
   17    9.1  0.0  0.0  X1         54166  54189  (70851) + (A)n       Simple_repeat       1     24    (0)  36  
   14    9.3  0.0  0.0  X1         54666  54688  (70352) + (TCC)n     Simple_repeat       1     23    (0)  37  
   12   23.9  0.0  2.5  X1         55789  55829  (69211) + A-rich     Low_complexity      1     40    (0)  38  
   19    8.2  0.0  0.0  X1         61684  61709  (63331) + (T)n       Simple_repeat       1     26    (0)  39  
   19   12.1  0.0  0.0  X1         63014  63041  (61999) + (A)n       Simple_repeat       1     28    (0)  40  
   16   26.9  0.0  0.0  X1         64183  64231  (60809) + (TATAGAT)n Simple_repeat       1     49    (0)  41  
   16   20.7  4.3  2.1  X1         65668  65713  (59327) + (TC)n      Simple_repeat       1     47    (0)  42  
   18   10.1  3.1  0.0  X1         65825  65856  (59184) + (AAC)n     Simple_repeat       1     33    (0)  43  
   14   29.0  1.7  1.7  X1         66363  66422  (58618) + (ATCATC)n  Simple_repeat       1     60    (0)  44  
   16   13.7  0.0  0.0  X1         67000  67024  (58016) + (T)n       Simple_repeat       1     25    (0)  45  
   16    5.2  0.0  0.0  X1         68436  68455  (56585) + (AG)n      Simple_repeat       1     20    (0)  46  
   16   20.6  2.4  2.4  X1         72833  72873  (52167) + (TC)n      Simple_repeat       1     41    (0)  47  
   14   12.7  0.0  0.0  X1         74246  74271  (50769) + (GTT)n     Simple_repeat       1     26    (0)  48  
   12    7.8  3.2  6.7  X1         74452  74482  (50558) + GA-rich    Low_complexity      1     30    (0)  49  
   17   12.5  0.0  0.0  X1         76684  76709  (48331) + (T)n       Simple_repeat       1     26    (0)  50  
   13   12.5  5.4  2.6  X1         76913  76949  (48091) + (CTTCAAT)n Simple_repeat       1     38    (0)  51  
   13   14.8  2.4  5.0  X1         77897  77937  (47103) + (TCATTGA)n Simple_repeat       1     40    (0)  52  
   13   19.8  1.6  8.8  X1         78161  78221  (46819) + A-rich     Low_complexity      1     57    (0)  53  
   14    6.9  3.1 15.8  X1         79186  79249  (45791) + (ATATGT)n  Simple_repeat       1     57    (0)  54  
   13   15.7  0.0  7.9  X1         81759  81799  (43241) + A-rich     Low_complexity      1     38    (0)  55  
   14   21.3  0.0  0.0  X1         86956  86988  (38052) + GA-rich    Low_complexity      1     33    (0)  56  
   13    8.7  0.0  3.9  X1         87784  87810  (37230) + (TTTCT)n   Simple_repeat       1     26    (0)  57  
   16   15.0  0.0  5.1  X1         96232  96272  (28768) + A-rich     Low_complexity      1     39    (0)  58  
   20   31.9  0.0  0.0  X1         96564  96625  (28415) + GA-rich    Low_complexity      1     62    (0)  59  
   12   14.2  3.0  3.0  X1         97129  97161  (27879) + A-rich     Low_complexity      1     33    (0)  60  
   16    0.0  0.0  0.0  X1         98126  98142  (26898) + (A)n       Simple_repeat       1     17    (0)  61  
   15    7.3  6.9  0.0  X1         98606  98634  (26406) + (AAG)n     Simple_repeat       1     31    (0)  62  
   12    5.6  0.0  0.0  X1        100798 100816  (24224) + (AGA)n     Simple_repeat       1     19    (0)  63  
   12   23.3  0.0  0.0  X1        102457 102491  (22549) + A-rich     Low_complexity      1     35    (0)  64  
   15   17.0  2.9  2.9  X1        107469 107503  (17537) + (CT)n      Simple_repeat       1     35    (0)  65  
   18   20.2  0.0  4.3  X1        118816 118864   (6176) + (GAT)n     Simple_repeat       1     47    (0)  66  
   18   11.7  2.4  4.9  X1        120217 120258   (4782) + (TTC)n     Simple_repeat       1     41    (0)  67  
   18   15.1  2.9  9.1  X1        120767 120836   (4204) + (TTATTT)n  Simple_repeat       1     66    (0)  68  
   28   10.5  0.0  0.0  X2          4032   4072 (121028) + (AG)n      Simple_repeat       1     41    (0)  69  
   21    3.7  3.6  0.0  X2          5587   5614 (119486) + (AT)n      Simple_repeat       1     29    (0)  70  
   16   16.8  0.0  0.0  X2          6701   6727 (118373) + A-rich     Low_complexity      1     27    (0)  71  
   22    6.1  2.9  0.0  X2          7297   7331 (117769) + (GGCAGT)n  Simple_repeat       1     36    (0)  72  
   12    5.5  0.0  0.0  X2          9795   9813 (115287) + (CTT)n     Simple_repeat       1     19    (0)  73  
   19   22.1  0.0  0.0  X2         10031  10077 (115023) + GA-rich    Low_complexity      1     47    (0)  74  
   11   21.8  2.2  4.4  X2         12221  12266 (112834) + (TGTTAT)n  Simple_repeat       1     45    (0)  75  
   13    9.6  0.0  0.0  X2         13025  13047 (112053) + (AAAG)n    Simple_repeat       1     23    (0)  76  
   14   24.3  2.0  2.0  X2         14996  15045 (110055) + GA-rich    Low_complexity      1     50    (0)  77  
   19   22.6  0.0  0.0  X2         16106  16146 (108954) + A-rich     Low_complexity      1     41    (0)  78  
   14   26.1  1.9  1.9  X2         16620  16672 (108428) + A-rich     Low_complexity      1     53    (0)  79  
   16   26.4  0.0  0.0  X2         17079  17123 (107977) + A-rich     Low_complexity      1     45    (0)  80  
   18    4.2  0.0  0.0  X2         17782  17806 (107294) + (AAG)n     Simple_repeat       1     25    (0)  81  
   12   22.7  2.3  2.3  X2         19983  20025 (105075) + (TTTGTGA)n Simple_repeat       1     43    (0)  82  
   13    4.1  8.0  0.0  X2         20522  20546 (104554) + (GAGTT)n   Simple_repeat       1     27    (0)  83  
   13   22.2  5.6  1.8  X2         20875  20928 (104172) + (AATAA)n   Simple_repeat       1     56    (0)  84  
   16   33.2  1.4  0.0  X2         22940  23010 (102090) + (AATA)n    Simple_repeat       1     72    (0)  85  
   13   22.2  4.9  3.2  X2         25841  25901  (99199) + GA-rich    Low_complexity      1     62    (0)  86  
   19    0.0  0.0  0.0  X2         30383  30403  (94697) + (A)n       Simple_repeat       1     21    (0)  87  
   13   11.3  7.1  4.7  X2         35292  35333  (89767) + (AAT)n     Simple_repeat       1     43    (0)  88  
   18   17.7  0.0  0.0  X2         35351  35388  (89712) + GA-rich    Low_complexity      1     38    (0)  89  
   18   16.5  2.0  4.0  X2         35436  35486  (89614) + A-rich     Low_complexity      1     50    (0)  90  
   14   14.7  0.0  3.2  X2         35651  35682  (89418) + (ACA)n     Simple_repeat       1     31    (0)  91  
   19   10.4  0.0  0.0  X2         36586  36616  (88484) + (TGA)n     Simple_repeat       1     31    (0)  92  
   16    0.0  0.0  0.0  X2         37358  37374  (87726) + (A)n       Simple_repeat       1     17    (0)  93  
   16   18.0  0.0  3.0  X2         38059  38092  (87008) + (CT)n      Simple_repeat       1     33    (0)  94  
   31    5.6  0.0  0.0  X2         39029  39066  (86034) + (ATC)n     Simple_repeat       1     38    (0)  95  
   21   15.5  0.0  0.0  X2         39889  39924  (85176) + (AT)n      Simple_repeat       1     36    (0)  96  
   14   11.5  0.0  3.5  X2         40824  40853  (84247) + (TTTTC)n   Simple_repeat       1     29    (0)  97  
   15    8.9  4.2  0.0  X2         41255  41278  (83822) + (AC)n      Simple_repeat       1     25    (0)  98  
   24   12.2  0.0  0.0  X2         41542  41589  (83511) + (T)n       Simple_repeat       1     48    (0)  99  
   15   23.5  3.4  3.5  X2         41950  42015  (83085) + A-rich     Low_complexity      1     65    (0) 100  
   17   10.1  4.2  6.4  X2         42888  42947  (82153) + A-rich     Low_complexity      1     58    (0) 101  
   20   16.4  5.3  1.7  X2         44509  44565  (80535) + (ATTAGTA)n Simple_repeat       1     59    (0) 102  
   14    0.0  0.0 11.1  X2         45778  45807  (79293) + (ATCAA)n   Simple_repeat       1     27    (0) 103  
   21   18.3  0.0  6.8  X2         46336  46398  (78702) + (ACACAT)n  Simple_repeat       1     59    (0) 104  
   18   18.7  3.5  3.5  X2         47096  47153  (77947) + (AGAAC)n   Simple_repeat       1     58    (0) 105  
   21    4.1  0.0  0.0  X2         47557  47581  (77519) + (T)n       Simple_repeat       1     25    (0) 106  
   11   13.2  6.4  6.4  X2         50890  50936  (74164) + A-rich     Low_complexity      1     47    (0) 107  
   12   28.1  2.1  0.0  X2         51332  51378  (73722) + (TTTGA)n   Simple_repeat       1     48    (0) 108  
   15    0.0  3.5  7.1  X2         57033  57061  (68039) + (TTC)n     Simple_repeat       1     28    (0) 109  
   16    0.0  0.0  0.0  X2         62577  62593  (62507) + (A)n       Simple_repeat       1     17    (0) 110  
   17   24.0  2.9  4.4  X2         71618  71686  (53414) + GA-rich    Low_complexity      1     68    (0) 111  
   14   24.8  0.0  3.5  X2         75405  75459  (49641) + A-rich     Low_complexity      1     53    (0) 112  
   27    3.4  0.0  0.0  X2         75505  75534  (49566) + (AGA)n     Simple_repeat       1     30    (0) 113  
   20   19.0  0.0  0.0  X2         76964  77000  (48100) + A-rich     Low_complexity      1     37    (0) 114  
   14   14.5  5.0  2.4  X2         77133  77172  (47928) + (AATATG)n  Simple_repeat       1     41    (0) 115  
   15   21.7  0.0  0.0  X2         79556  79587  (45513) + GA-rich    Low_complexity      1     32    (0) 116  
   12   22.9  3.2  6.6  X2         80269  80331  (44769) + (TTTG)n    Simple_repeat       1     61    (0) 117  
   13   20.6  0.0  4.9  X2         83401  83443  (41657) + (ATTCTG)n  Simple_repeat       1     41    (0) 118  
   14   17.0  3.0  0.0  X2         85034  85066  (40034) + (CTT)n     Simple_repeat       1     34    (0) 119  
   16   15.3  0.0  2.7  X2         86391  86428  (38672) + (TTTTGGA)n Simple_repeat       1     37    (0) 120  
   18   10.8  0.0  0.0  X2         91349  91378  (33722) + (CAA)n     Simple_repeat       1     30    (0) 121  
   12   23.3  0.0  0.0  X2         97019  97053  (28047) + (TGCAGA)n  Simple_repeat       1     35    (0) 122  
   14   15.9  7.1  0.0  X2         97237  97278  (27822) + (CAACAG)n  Simple_repeat       1     45    (0) 123  
   18   27.7  0.0  1.8  X2        107045 107113  (17987) + GA-rich    Low_complexity      1     67    (0) 124  
   15   16.9  2.9  2.9  X2        107327 107361  (17739) + GA-rich    Low_complexity      1     35    (0) 125  
   14   13.6  4.5  4.5  X2        107510 107553  (17547) + (TTTAT)n   Simple_repeat       1     44    (0) 126  
   21   10.2  2.2  4.4  X2        108721 108766  (16334) + (TTTAT)n   Simple_repeat       1     45    (0) 127  
   25   22.5  4.0  4.0  X2        108767 108817  (16283) + (ATATTT)n  Simple_repeat       4    100    (0) 128  
   13   29.8  0.0  0.0  X2        111409 111453  (13647) + (CAA)n     Simple_repeat       1     45    (0) 129  
   16    5.3  0.0  0.0  X2        112899 112918  (12182) + (T)n       Simple_repeat       1     20    (0) 130  
   22   20.0  3.3  3.3  X2        113215 113275  (11825) + GA-rich    Low_complexity      1     61    (0) 131  
   18    0.0  0.0  0.0  X2        113609 113628  (11472) + (G)n       Simple_repeat       1     20    (0) 132  
   16   10.0  2.9  2.9  X2        116652 116685   (8415) + (TTTC)n    Simple_repeat       1     34    (0) 133  
   13   31.5  0.0  1.8  X2        117526 117582   (7518) + GA-rich    Low_complexity      1     56    (0) 134  
   21   18.0  0.0  5.7  X2        118289 118344   (6756) + (TCT)n     Simple_repeat       1     53    (0) 135  
   15   18.9  2.6  2.6  X2        118714 118751   (6349) + GA-rich    Low_complexity      1     38    (0) 136  
   14    4.9  0.0  0.0  X2        119585 119605   (5495) + (TGGT)n    Simple_repeat       1     21    (0) 137  
   18   15.1  3.5  5.4  X2        121330 121386   (3714) + A-rich     Low_complexity      1     56    (0) 138  
   23   15.4  4.2  5.6  X2        121569 121640   (3460) + (CCT)n     Simple_repeat       1     71    (0) 139  
   14    4.5  4.3  0.0  X3           354    376 (124724) + (TCT)n     Simple_repeat       1     24    (0) 140  
   11   14.8  4.9  4.9  X3           865    905 (124195) + (ACTAGA)n  Simple_repeat       1     41    (0) 141  
   12   15.9  2.6  5.3  X3           989   1027 (124073) + (TCCTC)n   Simple_repeat       1     38    (0) 142  
   16    8.7  0.0  0.0  X3          1556   1580 (123520) + (GGA)n     Simple_repeat       1     25    (0) 143  
   12   13.9  0.0  0.0  X3          2183   2206 (122894) + (TTC)n     Simple_repeat       1     24    (0) 144  
   14   14.4  5.0  2.4  X3          3166   3205 (121895) + (CTTTT)n   Simple_repeat       1     41    (0) 145  
   18   19.1  7.5  1.4  X3          3834   3900 (121200) + GA-rich    Low_complexity      1     71    (0) 146  
   13    0.0  0.0  5.0  X3          7086   7106 (117994) + (ATA)n     Simple_repeat       1     20    (0) 147  
   15   27.2  0.0  3.6  X3          7337   7393 (117707) + A-rich     Low_complexity      1     55    (0) 148  
   16    0.0  0.0  0.0  X3          8037   8054 (117046) + (A)n       Simple_repeat       1     18    (0) 149  
   21   25.7  0.0  5.2  X3          8458   8538 (116562) + (TTTTA)n   Simple_repeat       1     77    (0) 150  
   29    9.8  0.0  0.0  X3          8895   8938 (116162) + (GAA)n     Simple_repeat       1     44    (0) 151  
   16    0.0  0.0  0.0  X3          9086   9105 (115995) + (TCT)n     Simple_repeat       1     20    (0) 152  
   16   22.2  0.0  4.1  X3          9730   9780 (115320) + (TTTTTA)n  Simple_repeat       1     49    (0) 153  
   20    7.9  0.0  0.0  X3         11413  11439 (113661) + (CA)n      Simple_repeat       1     27    (0) 154  
   13    0.0  0.0  0.0  X3         14204  14220 (110880) + (TCT)n     Simple_repeat       1     17    (0) 155  
   15   18.7  3.9  3.9  X3         17822  17876 (107224) + A-rich     Low_complexity      1     55    (0) 156  
   15   11.3  2.3  7.1  X3         18610  18653 (106447) + A-rich     Low_complexity      1     42    (0) 157  
   14   11.1  3.5  0.0  X3         20677  20705 (104395) + (AGAGA)n   Simple_repeat       1     30    (0) 158  
   17   22.4  4.7  1.5  X3         22193  22256 (102844) + (AATTTT)n  Simple_repeat       1     66    (0) 159  
   14   33.1  1.6  0.0  X3         23809  23845 (101255) + (ATTT)n    Simple_repeat       1     64    (0) 160  
   17   12.5  0.0  0.0  X3         23846  23871 (101229) + (T)n       Simple_repeat       1     26    (0) 161  
   13   14.7  0.0  3.2  X3         28093  28124  (96976) + (TTCTCT)n  Simple_repeat       1     31    (0) 162  
   12   19.7  0.0  0.0  X3         28175  28203  (96897) + (TCT)n     Simple_repeat       1     29    (0) 163  
   13   19.6  3.3  6.9  X3         28303  28362  (96738) + (TTAGTAG)n Simple_repeat       1     58    (0) 164  
   16   21.3  0.0  0.0  X3         32471  32503  (92597) + (T)n       Simple_repeat       1     33    (0) 165  
   21    8.6  2.6  2.6  X3         35760  35798  (89302) + (AGA)n     Simple_repeat       1     39    (0) 166  
   12   23.3  0.0  0.0  X3         36147  36181  (88919) + (CTTCTT)n  Simple_repeat       1     35    (0) 167  
   15   16.9  0.0  0.0  X3         36648  36680  (88420) + (GACGAT)n  Simple_repeat       1     33    (0) 168  
   16    8.3  0.0  0.0  X3         43118  43143  (81957) + (CGGTT)n   Simple_repeat       1     26    (0) 169  
   13   13.1  0.0  0.0  X3         44503  44527  (80573) + (ACAA)n    Simple_repeat       1     25    (0) 170  
   15    5.6  0.0  0.0  X3         46982  47000  (78100) + (AG)n      Simple_repeat       1     19    (0) 171  
   12   17.4  2.9  2.9  X3         52305  52339  (72761) + GA-rich    Low_complexity      1     35    (0) 172  
   13   13.1  0.0  0.0  X3         56087  56124  (68976) + (CTT)n     Simple_repeat       1     38    (0) 173  
   14   13.1  0.0  0.0  X3         56191  56216  (68884) + (CTT)n     Simple_repeat       1     26    (0) 174  
   22    0.0  0.0  0.0  X3         64363  64386  (60714) + (T)n       Simple_repeat       1     24    (0) 175  
   17    9.3  5.3  5.3  X3         64523  64560  (60540) + (TA)n      Simple_repeat       1     38    (0) 176  
   15   11.7  5.1  2.5  X3         66748  66789  (58311) + (TCTTTCT)n Simple_repeat       1     43    (0) 177  
   13   15.8  2.7  2.7  X3         71814  71850  (53250) + (TGCTAG)n  Simple_repeat       1     37    (0) 178  
   14    8.5  0.0  3.9  X3         78052  78078  (47022) + (CTTT)n    Simple_repeat       1     26    (0) 179  
   46    0.0  0.0  0.0  X3         78360  78398  (46702) + (AT)n      Simple_repeat       1     39    (0) 180  
   14   29.5  0.0  4.7  X3         82507  82573  (42527) + (GTTTG)n   Simple_repeat       1     64    (0) 181  
   20    0.0  0.0  0.0  X3         84895  84916  (40184) + (T)n       Simple_repeat       1     22    (0) 182  
   17   15.0  0.0  5.1  X3         84996  85036  (40064) + (ATC)n     Simple_repeat       1     39    (0) 183  
   15   13.7  0.0  0.0  X3         87556  87579  (37521) + (T)n       Simple_repeat       1     24    (0) 184  
   11   11.3  6.9  0.0  X3         93193  93221  (31879) + (ATTCAG)n  Simple_repeat       1     31    (0) 185  
   16    9.3  0.0  0.0  X3         93813  93835  (31265) + (T)n       Simple_repeat       1     23    (0) 186  
   16    9.3  0.0  0.0  X3         95976  95998  (29102) + (T)n       Simple_repeat       1     23    (0) 187  
   19   32.7  0.0  3.2  X3         96118  96213  (28887) + (AATATAT)n Simple_repeat       1     93    (0) 188  
   15   22.5  0.0  2.4  X3         97284  97326  (27774) + (CAT)n     Simple_repeat       1     42    (0) 189  
   20    0.0  8.8  0.0  X3         97338  97392  (27708) + (AATCAAG)n Simple_repeat       1     59    (0) 190  
   16   12.8  2.9  0.0  X3         98030  98063  (27037) + (GACAAG)n  Simple_repeat       1     35    (0) 191  
   15   21.4  0.0  4.4  X3         99854  99900  (25200) + (AATA)n    Simple_repeat       1     45    (0) 192  
   14   24.7  1.8  3.6  X3        101279 101334  (23766) + (AATA)n    Simple_repeat       1     55    (0) 193  
   36    5.2  0.0  0.0  X3        102395 102434  (22666) + (AT)n      Simple_repeat       1     40    (0) 194  
   16   24.8  0.0  0.0  X3        103049 103086  (22014) + (TA)n      Simple_repeat       1     38    (0) 195  
   14    4.0  0.0 10.3  X3        104900 104931  (20169) + (ATTA)n    Simple_repeat       1     29    (0) 196  
   16    9.3  0.0  0.0  X3        105169 105191  (19909) + (AT)n      Simple_repeat       1     23    (0) 197  
   12   19.4  0.0  5.4  X3        105365 105403  (19697) + A-rich     Low_complexity      1     37    (0) 198  
   16    4.1  8.0  0.0  X3        107199 107223  (17877) + (AT)n      Simple_repeat       1     27    (0) 199  
   17    9.1  0.0  0.0  X3        109898 109921  (15179) + (CA)n      Simple_repeat       1     24    (0) 200 *
   35    0.0  0.0  0.0  X3        109921 109958  (15142) + (A)n       Simple_repeat       1     38    (0) 201  
   28    0.0  0.0  0.0  X3        124579 124608    (492) + (A)n       Simple_repeat       1     30    (0) 202  
   17   24.3  2.0  2.0  X4          1364   1413 (123687) + (TA)n      Simple_repeat       1     50    (0) 203  
   16   20.7  0.0  0.0  X4          3720   3758 (121342) + (TTCTTTT)n Simple_repeat       1     39    (0) 204  
   13   10.7  6.1  2.9  X4          5390   5422 (119678) + (TCA)n     Simple_repeat       1     34    (0) 205  
   82   31.3  1.7  4.0  X4          7620   8027 (117073) + GA-rich    Low_complexity      1    399    (0) 206  
   12   22.5  0.0  6.8  X4         11101  11147 (113953) + (TCA)n     Simple_repeat       1     44    (0) 207  
   12   14.1  3.0  3.0  X4         16157  16189 (108911) + A-rich     Low_complexity      1     33    (0) 208  
   18   10.4  3.0  3.0  X4         18316  18348 (106752) + (TC)n      Simple_repeat       1     33    (0) 209  
   16   13.2  0.0  0.0  X4         19443  19467 (105633) + (T)n       Simple_repeat       1     25    (0) 210  
   16   15.5  0.0  3.3  X4         25716  25746  (99354) + GA-rich    Low_complexity      1     30    (0) 211  
   15    0.0  0.0  0.0  X4         35093  35111  (89989) + (TGA)n     Simple_repeat       1     19    (0) 212  
   13   20.9  0.0  0.0  X4         36004  36036  (89064) + (GAATAT)n  Simple_repeat       1     33    (0) 213  
   19   14.6  0.0  2.6  X4         41657  41696  (83404) + GA-rich    Low_complexity      1     39    (0) 214  
   12   13.7  0.0  0.0  X4         46136  46159  (78941) + (CTT)n     Simple_repeat       1     24    (0) 215  
   14   13.1  0.0  0.0  X4         46292  46317  (78783) + (AGC)n     Simple_repeat       1     26    (0) 216  
   15    8.2  0.0  3.7  X4         51816  51843  (73257) + (TGAG)n    Simple_repeat       1     27    (0) 217  
   16    5.3  0.0  0.0  X4         55492  55511  (69589) + (A)n       Simple_repeat       1     20    (0) 218  
   22    4.0  0.0  0.0  X4         57874  57899  (67201) + (C)n       Simple_repeat       1     26    (0) 219 *
   23   15.5  2.3  0.0  X4         57899  57941  (67159) + (CT)n      Simple_repeat       1     44    (0) 220  
   16   23.6  7.4  3.6  X4         63701  63781  (61319) + GA-rich    Low_complexity      1     84    (0) 221  
   20   28.8  3.0  0.0  X4         64273  64355  (60745) + GA-rich    Low_complexity      1     85    (0) 222  
   14   22.0  2.4  0.0  X4         65599  65640  (59460) + (TTTCCTG)n Simple_repeat       1     43    (0) 223  
   23   12.3  4.3  2.1  X4         66432  66477  (58623) + (TA)n      Simple_repeat       1     47    (0) 224  
   19   14.9  0.0  0.0  X4         70508  70544  (54556) + (AATGTAG)n Simple_repeat       1     37    (0) 225  
   15   22.1  3.7  1.8  X4         71285  71338  (53762) + (TCTTCA)n  Simple_repeat       1     55    (0) 226  
   15   17.6  0.0  0.0  X4         72342  72368  (52732) + (CA)n      Simple_repeat       1     27    (0) 227  
   19   18.9  0.0  0.0  X4         72749  72784  (52316) + A-rich     Low_complexity      1     36    (0) 228  
   12   19.9  0.0  0.0  X4         74500  74528  (50572) + GA-rich    Low_complexity      1     29    (0) 229  
   15    0.0  0.0  0.0  X4         74652  74668  (50432) + (CT)n      Simple_repeat       1     17    (0) 230  
   18   12.5  1.9  8.2  X4         75153  75204  (49896) + (CTT)n     Simple_repeat       1     49    (0) 231  
   37    0.0  0.0  0.0  X4         76428  76467  (48633) + (A)n       Simple_repeat       1     40    (0) 232  
   12   15.3  3.5  0.0  X4         76806  76834  (48266) + (CTT)n     Simple_repeat       1     30    (0) 233  
   15   10.0  0.0  0.0  X4         76871  76892  (48208) + (CT)n      Simple_repeat       1     22    (0) 234  
   17   24.8  1.8  3.6  X4         79007  79062  (46038) + GA-rich    Low_complexity      1     55    (0) 235  
   18   13.7  3.0  0.0  X4         88016  88052  (37048) + A-rich     Low_complexity      1     38    (0) 236  
   12   28.9  1.8  1.8  X4         88407  88462  (36638) + (TTCCAC)n  Simple_repeat       1     56    (0) 237  
   14   20.7  2.1  4.3  X4         93415  93462  (31638) + (TACA)n    Simple_repeat       1     47    (0) 238  
   15    0.0  0.0  0.0  X4         96381  96397  (28703) + (TG)n      Simple_repeat       1     17    (0) 239  
   16    0.0  0.0  0.0  X4         98184  98201  (26899) + (TC)n      Simple_repeat       1     18    (0) 240  
   15    4.7  0.0  0.0  X4        102280 102301  (22799) + (AGA)n     Simple_repeat       1     22    (0) 241  
   19   22.6  0.0  0.0  X4        102321 102361  (22739) + A-rich     Low_complexity      1     41    (0) 242  
   17   15.5  2.8  0.0  X4        105012 105047  (20053) + GA-rich    Low_complexity      1     37    (0) 243  
   18   17.4  5.6  5.6  X4        108717 108788  (16312) + GA-rich    Low_complexity      1     72    (0) 244  
   23   31.4  0.0  0.0  X4        108877 108954  (16146) + (TTT)n     Simple_repeat       1     78    (0) 245  
   17   12.5  0.0  0.0  X4        113189 113214  (11886) + (T)n       Simple_repeat       1     26    (0) 246  
   12    8.5  0.0  7.4  X4        114292 114320  (10780) + (ATAAT)n   Simple_repeat       1     27    (0) 247  
   11   21.3  2.5  2.5  X4        120385 120424   (4676) + (ATTTAT)n  Simple_repeat       1     40    (0) 248  
   14   18.2  3.5  7.3  X4        121354 121410   (3690) + (TAT)n     Simple_repeat       1     55    (0) 249  
   16   11.6  3.6  0.0  X4        122048 122075   (3025) + (TA)n      Simple_repeat       1     29    (0) 250  
   16    0.0  0.0  0.0  X4        124508 124525    (575) + (A)n       Simple_repeat       1     18    (0) 251  
   12    6.1 14.7  0.0  X4        124603 124636    (464) + (AATC)n    Simple_repeat       1     39    (0) 252  
   13   19.5  0.0  2.8  X5           102    138 (124962) + (TTTTTAA)n Simple_repeat       1     36    (0) 253  
   17   15.6  5.6  0.0  X5          5184   5228 (119872) + GA-rich    Low_complexity      1     47    (0) 254  
   24   29.7  3.5  0.0  X5          5662   5747 (119353) + (TA)n      Simple_repeat       1     89    (0) 255  
   14   15.5  5.6  0.0  X5          6567   6602 (118498) + (TAG)n     Simple_repeat       1     38    (0) 256  
   16   23.7  2.4  7.4  X5          7326   7410 (117690) + (ATTTTGT)n Simple_repeat       1     81    (0) 257  
   16   27.2  2.9  2.9  X5          7992   8074 (117026) + (TTA)n     Simple_repeat       1     83    (0) 258  
   20   22.4  0.0  0.0  X5         11367  11413 (113687) + (CTT)n     Simple_repeat       1     47    (0) 259  
   14    0.0  0.0  0.0  X5         14876  14893 (110207) + (AGA)n     Simple_repeat       1     18    (0) 260  
   13   24.9  0.0  6.0  X5         20785  20837 (104263) + GA-rich    Low_complexity      1     50    (0) 261  
   13   28.7  0.0  0.0  X5         21481  21522 (103578) + A-rich     Low_complexity      1     42    (0) 262  
   30    0.0  0.0  0.0  X5         21851  21878 (103222) + (AGA)n     Simple_repeat       1     28    (0) 263  
   12   12.2  3.7  0.0  X5         22010  22036 (103064) + (CTTT)n    Simple_repeat       1     28    (0) 264  
   14   22.1  4.3  0.0  X5         22686  22732 (102368) + A-rich     Low_complexity      1     49    (0) 265  
   19    0.0  0.0  0.0  X5         23201  23221 (101879) + (A)n       Simple_repeat       1     21    (0) 266  
   28    0.0  0.0  0.0  X5         23618  23643 (101457) + (AAG)n     Simple_repeat       1     26    (0) 267  
   11   18.8  4.3  4.3  X5         28464  28509  (96591) + A-rich     Low_complexity      1     46    (0) 268  
   14    9.6  0.0  0.0  X5         30070  30092  (95008) + (TGC)n     Simple_repeat       1     23    (0) 269  
   13   13.1  0.0  0.0  X5         30473  30497  (94603) + (AGA)n     Simple_repeat       1     25    (0) 270  
   17    8.1  3.9  0.0  X5         30617  30642  (94458) + (AG)n      Simple_repeat       1     27    (0) 271  
   26    3.1  3.0  0.0  X5         33247  33279  (91821) + (ATGCTC)n  Simple_repeat       1     34    (0) 272  
   21   21.8  0.0  0.0  X5         36521  36568  (88532) + (ATG)n     Simple_repeat       1     48    (0) 273  
   11   24.9  0.0  2.6  X5         49488  49527  (75573) + (TATTACA)n Simple_repeat       1     39    (0) 274  
   15   30.5  1.5  1.5  X5         52653  52718  (72382) + A-rich     Low_complexity      1     66    (0) 275  
   13   16.2  0.0  0.0  X5         52847  52874  (72226) + (TGTTG)n   Simple_repeat       1     28    (0) 276  
   13   22.5  1.8  5.5  X5         53829  53885  (71215) + A-rich     Low_complexity      1     55    (0) 277  
   12    4.7  4.5  0.0  X5         54361  54382  (70718) + (TTTG)n    Simple_repeat       1     23    (0) 278  
   12    5.6  0.0  0.0  X5         54633  54651  (70449) + (TCA)n     Simple_repeat       1     19    (0) 279  
   14   18.0  2.5  2.5  X5         55216  55255  (69845) + GA-rich    Low_complexity      1     40    (0) 280  
   14   24.6  3.3  3.3  X5         56798  56858  (68242) + A-rich     Low_complexity      1     61    (0) 281  
   16   15.7  3.1  0.0  X5         57786  57818  (67282) + A-rich     Low_complexity      1     34    (0) 282  
   14    0.0  0.0  0.0  X5         59093  59110  (65990) + (GAA)n     Simple_repeat       1     18    (0) 283  
   12   11.9  0.0  6.9  X5         61792  61822  (63278) + (AATAA)n   Simple_repeat       1     29    (0) 284  
   22   13.3  0.0  9.3  X5         64991  65049  (60051) + (CTT)n     Simple_repeat       1     54    (0) 285  
   17   16.7  0.0  4.8  X5         66209  66252  (58848) + (TTCACT)n  Simple_repeat       1     42    (0) 286  
   15    4.8  0.0  0.0  X5         71686  71707  (53393) + (TCT)n     Simple_repeat       1     22    (0) 287  
   18   23.5  4.1  2.7  X5         83078  83150  (41950) + (ATCATC)n  Simple_repeat       1     74    (0) 288  
   14   10.0  6.2  0.0  X5         85448  85496  (39604) + (CTTTAT)n  Simple_repeat       1     52    (0) 289  
   18   13.8  0.0  3.0  X5         87798  87831  (37269) + (AT)n      Simple_repeat       1     33    (0) 290  
   15   19.8  1.3  1.3  X5         88982  89029  (36071) + GA-rich    Low_complexity      1     48    (0) 291  
   13   15.7  0.0  7.9  X5        104134 104174  (20926) + (GATTTT)n  Simple_repeat       1     38    (0) 292  
   16    0.0  0.0  0.0  X5        105268 105285  (19815) + (A)n       Simple_repeat       1     18    (0) 293  
   17   17.3  2.0  4.2  X5        107145 107193  (17907) + A-rich     Low_complexity      1     48    (0) 294  
   17   18.7 10.4  0.0  X5        107770 107836  (17264) + (GATCATC)n Simple_repeat       1     74    (0) 295  
   17   25.4  0.0  1.9  X5        113112 113168  (11932) + (TTGTCT)n  Simple_repeat       1     55    (0) 296  
   15    9.7  0.0  0.0  X5        115281 115302   (9798) + (TC)n      Simple_repeat       1     22    (0) 297  
   34    0.0  0.0  0.0  X5        116239 116267   (8833) + (AT)n      Simple_repeat       1     29    (0) 298  
   15   15.8  4.5  2.2  X5        119898 119941   (5159) + (ACATAT)n  Simple_repeat       1     45    (0) 299  
   19   15.0  4.2  4.2  X5        123548 123595   (1505) + (TC)n      Simple_repeat       1     48    (0) 300  
   19   33.5  0.0  0.0  X6           541    614 (124486) + (CTG)n     Simple_repeat       1     74    (0) 301  
   13   13.6  9.8  0.0  X6          3338   3378 (121722) + A-rich     Low_complexity      1     45    (0) 302  
   31    0.0  0.0  0.0  X6          4991   5017 (120083) + (TG)n      Simple_repeat       1     27    (0) 303  
   12    9.7  0.0  0.0  X6          5146   5167 (119933) + (AATA)n    Simple_repeat       1     22    (0) 304  
   13   23.3  2.5  0.0  X6          5842   5881 (119219) + (ATTTT)n   Simple_repeat       1     41    (0) 305  
   26   19.1  5.1  1.2  X6          7113   7191 (117909) + A-rich     Low_complexity      1     82    (0) 306  
   18    0.0  0.0  4.0  X6          7821   7846 (117254) + (AAG)n     Simple_repeat       1     25    (0) 307  
   19    4.3  0.0  0.0  X6         17001  17024 (108076) + (TG)n      Simple_repeat       1     24    (0) 308  
   16    0.0  8.7  0.0  X6         19689  19711 (105389) + (AG)n      Simple_repeat       1     25    (0) 309  
   14   28.3  0.0  3.5  X6         22664  22722 (102378) + (TTTCTTT)n Simple_repeat       1     57    (0) 310  
   13   14.7  0.0  3.2  X6         24057  24088 (101012) + (ATTTAT)n  Simple_repeat       1     31    (0) 311  
   17   29.2  1.4  2.7  X6         26710  26783  (98317) + (ATTTA)n   Simple_repeat       1     73    (0) 312  
   21    0.0  0.0  0.0  X6         27170  27192  (97908) + (T)n       Simple_repeat       1     23    (0) 313  
   31   25.7  1.1  1.1  X6         29467  29560  (95540) + (TTTTTTG)n Simple_repeat       1     94    (0) 314  
   12    5.6  0.0  0.0  X6         33601  33619  (91481) + (GGA)n     Simple_repeat       1     19    (0) 315  
   12   13.9  0.0  0.0  X6         35794  35817  (89283) + (GAC)n     Simple_repeat       1     24    (0) 316  
   14   18.2  0.0  0.0  X6         37021  37051  (88049) + (TTTG)n    Simple_repeat       1     31    (0) 317  
   17   22.8  0.0  0.0  X6         37525  37565  (87535) + GA-rich    Low_complexity      1     41    (0) 318  
   15   19.7  0.0  0.0  X6         37985  38013  (87087) + A-rich     Low_complexity      1     29    (0) 319  
   15   18.8  2.3  2.3  X6         38894  38937  (86163) + (AACTCC)n  Simple_repeat       1     44    (0) 320  
   13   20.7  2.1  4.3  X6         42750  42797  (82303) + A-rich     Low_complexity      1     47    (0) 321  
   15    4.8  4.5  0.0  X6         43045  43066  (82034) + (TC)n      Simple_repeat       1     23    (0) 322  
   12   20.8  2.0  6.2  X6         44900  44949  (80151) + (ATGACTT)n Simple_repeat       1     48    (0) 323  
   14   14.4  5.0  2.4  X6         45718  45757  (79343) + (TTATTA)n  Simple_repeat       1     41    (0) 324  
   16    9.6  0.0  0.0  X6         46523  46545  (78555) + (T)n       Simple_repeat       1     23    (0) 325  
   16    9.3  0.0  0.0  X6         50042  50064  (75036) + (T)n       Simple_repeat       1     23    (0) 326  
   14    7.8  6.2  8.5  X6         50146  50193  (74907) + GA-rich    Low_complexity      1     47    (0) 327  
   15    0.0  0.0  0.0  X6         51083  51099  (74001) + (TC)n      Simple_repeat       1     17    (0) 328  
   12   21.6  0.0  0.0  X6         59070  59101  (65999) + (TTTAT)n   Simple_repeat       1     32    (0) 329  
   17   14.4  7.7  0.0  X6         59617  59655  (65445) + (CT)n      Simple_repeat       1     42    (0) 330  
   18   27.6  0.0  0.0  X6         59840  59891  (65209) + (AAC)n     Simple_repeat       1     52    (0) 331  
   15    5.5  0.0  0.0  X6         63147  63165  (61935) + (TG)n      Simple_repeat       1     19    (0) 332  
   12   21.4  4.4  2.2  X6         68376  68420  (56680) + (CTTTT)n   Simple_repeat       1     46    (0) 333  
   12   30.5  0.0  3.7  X6         68683  68738  (56362) + A-rich     Low_complexity      1     54    (0) 334  
   17   10.8  0.0  0.0  X6         70405  70434  (54666) + (CTCT)n    Simple_repeat       1     30    (0) 335  
   12    5.5  0.0  0.0  X6         70783  70801  (54299) + (GAA)n     Simple_repeat       1     19    (0) 336  
   22    6.2  2.9  0.0  X6         70844  70877  (54223) + (TCT)n     Simple_repeat       1     35    (0) 337  
   24   17.2  0.0  0.0  X6         72253  72315  (52785) + (TCT)n     Simple_repeat       1     63    (0) 338  
   17    8.8  0.0  0.0  X6         74651  74674  (50426) + (TA)n      Simple_repeat       1     24    (0) 339  
   14    9.6  0.0  0.0  X6         76734  76756  (48344) + (CCA)n     Simple_repeat       1     23    (0) 340  
   15    0.0  0.0  0.0  X6         82035  82051  (43049) + (TG)n      Simple_repeat       1     17    (0) 341  
   21    4.1  0.0  0.0  X6         82870  82894  (42206) + (T)n       Simple_repeat       1     25    (0) 342  
   15   19.3  0.0  4.7  X6         85654  85698  (39402) + (TTTCT)n   Simple_repeat       1     43    (0) 343  
   12   22.6  4.8  0.0  X6         87502  87543  (37557) + (TTTTC)n   Simple_repeat       1     44    (0) 344  
   13   12.7  2.5  7.9  X6         87585  87624  (37476) + (TAA)n     Simple_repeat       1     38    (0) 345  
   33    5.1  0.0  0.0  X6         91749  91789  (33311) + (A)n       Simple_repeat       1     41    (0) 346  
   16    9.8  0.0  0.0  X6         93463  93484  (31616) + (A)n       Simple_repeat       1     22    (0) 347  
   19   18.1  0.0  0.0  X6         94792  94824  (30276) + A-rich     Low_complexity      1     33    (0) 348  
   20    0.0  3.6  3.6  X6         95981  96008  (29092) + (TA)n      Simple_repeat       1     28    (0) 349  
   14   20.2  0.0  0.0  X6         98099  98132  (26968) + (CCGATC)n  Simple_repeat       1     34    (0) 350  
   18   14.1  2.6  0.0  X6         98161  98199  (26901) + GA-rich    Low_complexity      1     40    (0) 351  
   14   27.9  0.0  2.1  X6         98302  98350  (26750) + GA-rich    Low_complexity      1     48    (0) 352  
   18    4.8  0.0  0.0  X6        101739 101760  (23340) + (T)n       Simple_repeat       1     22    (0) 353  
   12   17.3  2.2  7.0  X6        102433 102477  (22623) + (ATAACAA)n Simple_repeat       1     43    (0) 354  
   13   22.7  0.0  0.0  X6        102608 102643  (22457) + A-rich     Low_complexity      1     36    (0) 355  
   12   23.9  0.0  2.5  X6        102745 102785  (22315) + A-rich     Low_complexity      1     40    (0) 356  
   15    0.0  0.0  0.0  X6        109689 109707  (15393) + (AAC)n     Simple_repeat       1     19    (0) 357  
   13   20.8  7.0  1.7  X6        111706 111762  (13338) + (TTGACA)n  Simple_repeat       1     60    (0) 358  
   19   14.1  5.9  3.9  X6        111923 111973  (13127) + (AT)n      Simple_repeat       1     52    (0) 359  
   15   12.0  0.0  0.0  X6        120843 120869   (4231) + (TATG)n    Simple_repeat       1     27    (0) 360  
   17    4.1  0.0  0.0  X7          1774   1798 (123302) + (CAAA)n    Simple_repeat       1     25    (0) 361  
   17   21.5  4.5  0.0  X7          2724   2767 (122333) + GA-rich    Low_complexity      1     46    (0) 362  
   20    8.1  4.9  2.4  X7          4977   5017 (120083) + (ATT)n     Simple_repeat       1     42    (0) 363  
   19   12.8  0.0  0.0  X7          5900   5933 (119167) + (TATT)n    Simple_repeat       1     34    (0) 364  
   12    9.9  0.0 13.5  X7          6575   6616 (118484) + A-rich     Low_complexity      1     37    (0) 365 *
   14   17.7  2.5  2.5  X7          6576   6615 (118485) + GA-rich    Low_complexity      1     40    (0) 366  
   17   17.3  2.0  4.2  X7          7101   7149 (117951) + (TTTGA)n   Simple_repeat       1     48    (0) 367  
   12   21.1  0.0  0.0  X7          7355   7383 (117717) + (AGC)n     Simple_repeat       1     29    (0) 368  
   13   10.0  0.0  0.0  X7          9059   9080 (116020) + (GAA)n     Simple_repeat       1     22    (0) 369  
   14   26.1  0.0  0.0  X7         13325  13365 (111735) + (GGT)n     Simple_repeat       1     41    (0) 370  
   13   10.0  0.0  0.0  X7         15225  15246 (109854) + (ATA)n     Simple_repeat       1     22    (0) 371  
   13   30.4  1.9  0.0  X7         15352  15371 (109729) + (AACAT)n   Simple_repeat       1     32   (22) 372  
   17    5.0  0.0  0.0  X7         15372  15392 (109708) + (A)n       Simple_repeat       1     21    (0) 373  
   13   30.4  1.9  0.0  X7         15393  15404 (109696) + (AACAT)n   Simple_repeat      33     54    (0) 372  
   16   26.9  1.4  4.3  X7         17982  18053 (107047) + A-rich     Low_complexity      1     70    (0) 374  
   18   27.3  0.0  0.0  X7         18913  18957 (106143) + (AT)n      Simple_repeat       1     45    (0) 375  
   11   24.9  0.0  2.6  X7         20166  20205 (104895) + (TTTAAT)n  Simple_repeat       1     39    (0) 376  
   35   23.0  3.3  3.3  X7         20400  20520 (104580) + (AATAA)n   Simple_repeat       1    121    (0) 377  
   13   18.8  0.0  5.3  X7         21657  21696 (103404) + A-rich     Low_complexity      1     38    (0) 378  
   33    0.0  0.0  0.0  X7         22131  22158 (102942) + (AT)n      Simple_repeat       1     28    (0) 379  
   46    0.0  0.0  0.0  X7         23727  23765 (101335) + (AT)n      Simple_repeat       1     39    (0) 380  
   13   22.9  2.3  2.3  X7         30811  30853  (94247) + (TTC)n     Simple_repeat       1     43    (0) 381  
   15    4.7  0.0  0.0  X7         33760  33781  (91319) + (ATAG)n    Simple_repeat       1     22    (0) 382  
   21    8.3  2.1  9.1  X7         35753  35799  (89301) + (AT)n      Simple_repeat       1     44    (0) 383  
   13   23.7  3.5  3.5  X7         36588  36645  (88455) + GA-rich    Low_complexity      1     58    (0) 384  
   12   18.3  6.7  2.1  X7         36678  36722  (88378) + GA-rich    Low_complexity      1     47    (0) 384  
   12   12.6  0.0  3.7  X7         38832  38859  (86241) + (AATAA)n   Simple_repeat       1     27    (0) 385  
   15   23.9  0.0  2.2  X7         40786  40896  (84204) + GA-rich    Low_complexity      1    108    (0) 386  
   15   21.3  4.5  0.0  X7         40949  40992  (84108) + (ATT)n     Simple_repeat       1     46    (0) 387  
   18   11.0  2.2  7.0  X7         42009  42053  (83047) + (CTT)n     Simple_repeat       1     43    (0) 388  
   18   17.0  6.2  2.0  X7         42091  42138  (82962) + (TC)n      Simple_repeat       1     50    (0) 389  
   16   18.8  5.1  3.4  X7         44923  44983  (80117) + A-rich     Low_complexity      1     62    (0) 390  
   16   11.6  0.0  0.0  X7         53384  53411  (71689) + (TTG)n     Simple_repeat       1     28    (0) 391  
   14   22.5  0.0  6.1  X7         54010  54061  (71039) + (TTTTA)n   Simple_repeat       1     49    (0) 392  
   24    0.0  0.0  6.5  X7         60297  60329  (64771) + (TC)n      Simple_repeat       1     31    (0) 393  
   12    5.5  0.0  0.0  X7         60835  60853  (64247) + (TTG)n     Simple_repeat       1     19    (0) 394  
   17    3.5  3.2  3.2  X7         61620  61650  (63450) + (AATCAA)n  Simple_repeat       1     31    (0) 395  
   18   12.5  0.0  5.3  X7         65598  65637  (59463) + (TCT)n     Simple_repeat       1     38    (0) 396  
   17   27.1  1.5  4.6  X7         67808  67874  (57226) + (TA)n      Simple_repeat       1     65    (0) 397  
   15    5.6  0.0  0.0  X7         68808  68826  (56274) + (AG)n      Simple_repeat       1     19    (0) 398  
   15   25.1  4.3  0.0  X7         73453  73499  (51601) + (AT)n      Simple_repeat       1     49    (0) 399  
   23   11.5  0.0  0.0  X7         76039  76076  (49024) + (GAT)n     Simple_repeat       1     38    (0) 400  
   11   20.7  0.0  2.9  X7         76488  76522  (48578) + A-rich     Low_complexity      1     34    (0) 401  
   17   13.3  0.0  2.9  X7         78013  78047  (47053) + A-rich     Low_complexity      1     34    (0) 402  
   12   13.9  0.0  0.0  X7         81769  81792  (43308) + (AAAT)n    Simple_repeat       1     24    (0) 403  
   15    0.0  0.0  0.0  X7         82996  83014  (42086) + (AAA)n     Simple_repeat       1     19    (0) 404  
   15   12.0  0.0  0.0  X7         83194  83220  (41880) + (TCT)n     Simple_repeat       1     27    (0) 405  
   15    9.7  0.0  0.0  X7         83695  83716  (41384) + (GA)n      Simple_repeat       1     22    (0) 406  
   23    7.0  0.0  0.0  X7         83988  84017  (41083) + (AT)n      Simple_repeat       1     30    (0) 407  
   15   10.8  3.3  0.0  X7         84129  84158  (40942) + (ATTCTT)n  Simple_repeat       1     31    (0) 408  
   24    3.5  0.0  0.0  X7         84621  84649  (40451) + (TA)n      Simple_repeat       1     29    (0) 409  
   21    0.0  0.0  0.0  X7         84916  84938  (40162) + (TA)n      Simple_repeat       1     23    (0) 410  
   16   10.3  2.9  2.9  X7         90468  90501  (34599) + GA-rich    Low_complexity      1     34    (0) 411  
   13   10.8  6.7  0.0  X7         92148  92177  (32923) + (TAA)n     Simple_repeat       1     32    (0) 412  
   17    7.5  0.0  3.5  X7         96441  96470  (28630) + (AGA)n     Simple_repeat       1     29    (0) 413  
   13   15.0  5.1  2.5  X7        101658 101696  (23404) + (GAAGTAA)n Simple_repeat       1     40    (0) 414  
   12   22.0  2.7  0.0  X7        102158 102194  (22906) + (TTTATTA)n Simple_repeat       1     38    (0) 415  
   54    0.0  0.0  0.0  X7        103290 103337  (21763) + (TCT)n     Simple_repeat       1     48    (0) 416  
   18   15.3  4.5  0.0  X7        104253 104296  (20804) + A-rich     Low_complexity      1     46    (0) 417  
   18   22.9  0.0  3.2  X7        104503 104566  (20534) + A-rich     Low_complexity      1     61    (0) 418  
   22   19.4  0.0  0.0  X7        107265 107305  (17795) + (T)n       Simple_repeat       1     41    (0) 419  
   17    5.0  0.0  0.0  X7        108094 108114  (16986) + (T)n       Simple_repeat       1     21    (0) 420  
   12   23.0  2.7  0.0  X7        108738 108774  (16326) + A-rich     Low_complexity      1     38    (0) 421  
   24   24.4  0.0  1.7  X7        110041 110103  (14997) + A-rich     Low_complexity      1     61    (0) 422  
   16    0.0  8.6  5.6  X7        110075 110109  (14991) + (AAAG)n    Simple_repeat       1     36    (0) 423 *
   23   14.5  0.0  0.0  X7        111939 111976  (13124) + (TC)n      Simple_repeat       1     38    (0) 424  
   13   23.3  0.0  0.0  X7        115962 115996   (9104) + (TCTC)n    Simple_repeat       1     35    (0) 425  
   16   23.8  0.0  3.9  X7        116264 116316   (8784) + A-rich     Low_complexity      1     51    (0) 426  
   15   11.2  3.3  0.0  X7        116731 116760   (8340) + (GACTTG)n  Simple_repeat       1     31    (0) 427  
   31    3.0  0.0  0.0  X7        120131 120164   (4936) + (TCACGAC)n Simple_repeat       1     34    (0) 428  
   13    5.2  0.0  0.0  X7        121454 121473   (3627) + (TTC)n     Simple_repeat       1     20    (0) 429  
   11   19.0  0.0  7.7  X8          2444   2485 (121876) + (TTTTCA)n  Simple_repeat       1     39    (0) 430  
   22   29.4  2.3  1.1  X8          7176   7261 (117100) + GA-rich    Low_complexity      1     87    (0) 431  
   13   18.2  0.0  5.1  X8         13170  13210 (111151) + A-rich     Low_complexity      1     39    (0) 432  
   18    4.7  0.0  0.0  X8         13441  13462 (110899) + (AG)n      Simple_repeat       1     22    (0) 433  
   15   27.1  1.8  1.8  X8         17465  17519 (106842) + (TTC)n     Simple_repeat       1     55    (0) 434  
   24   13.1  0.0  0.0  X8         18189  18230 (106131) + (CTT)n     Simple_repeat       1     42    (0) 435  
   13    9.8  0.0  0.0  X8         19056  19077 (105284) + (AAT)n     Simple_repeat       1     22    (0) 436  
   13   26.9  4.3  2.8  X8         19462  19531 (104830) + A-rich     Low_complexity      1     71    (0) 437  
   16   11.1  0.0  3.3  X8         23389  23419 (100942) + (AGA)n     Simple_repeat       1     30    (0) 438  
   18   22.0  0.0  0.0  X8         29788  29824  (94537) + (T)n       Simple_repeat       1     37    (0) 439  
   14   19.3  2.3  2.3  X8         29825  29830  (94531) + (TTGTT)n   Simple_repeat       1     43    (0) 440  
   17   15.7  5.7  3.7  X8         32178  32230  (92131) + GA-rich    Low_complexity      1     54    (0) 441  
   13   16.8  0.0  0.0  X8         35583  35609  (88752) + (CCA)n     Simple_repeat       1     27    (0) 442  
   11   24.2  6.1  0.0  X8         35697  35745  (88616) + A-rich     Low_complexity      1     52    (0) 443  
   11   21.7  0.0  5.1  X8         36204  36244  (88117) + A-rich     Low_complexity      1     39    (0) 444  
   14   21.1  2.6  0.0  X8         36923  36960  (87401) + (TTC)n     Simple_repeat       1     39    (0) 445  
   15   19.7  0.0  0.0  X8         37853  37881  (86480) + A-rich     Low_complexity      1     29    (0) 446  
   13   12.8  3.9 10.2  X8         38763  38814  (85547) + (ATA)n     Simple_repeat       1     49    (0) 447  
   17    0.0  0.0  0.0  X8         39648  39666  (84695) + (AT)n      Simple_repeat       1     19    (0) 448  
   12   13.6  2.8  5.7  X8         40641  40676  (83685) + (ATCAA)n   Simple_repeat       1     35    (0) 449  
   19   20.5  2.9  4.5  X8         40909  40976  (83385) + A-rich     Low_complexity      1     67    (0) 450  
   16    0.0  0.0  0.0  X8         46838  46855  (77506) + (T)n       Simple_repeat       1     18    (0) 451  
   18    7.5  0.0  0.0  X8         52843  52870  (71491) + (TTA)n     Simple_repeat       1     28    (0) 452  
   13    9.7  0.0  0.0  X8         53507  53528  (70833) + (CGT)n     Simple_repeat       1     22    (0) 453  
   22   10.8  4.7  2.3  X8         54462  54504  (69857) + (AT)n      Simple_repeat       1     44    (0) 454  
   14    4.5  4.3  0.0  X8         57122  57144  (67217) + (AGA)n     Simple_repeat       1     24    (0) 455  
   16   10.7  3.3  0.0  X8         62819  62848  (61513) + (CAT)n     Simple_repeat       1     31    (0) 456  
   12   26.8  0.0  0.0  X8         64302  64341  (60020) + A-rich     Low_complexity      1     40    (0) 457  
   15    0.0  0.0  0.0  X8         64710  64728  (59633) + (TGC)n     Simple_repeat       1     19    (0) 458  
   18   10.5  0.0  0.0  X8         64833  64863  (59498) + (AAAG)n    Simple_repeat       1     31    (0) 459  
   18    0.0  0.0  0.0  X8         65247  65266  (59095) + (CT)n      Simple_repeat       1     20    (0) 460  
   20   24.9  2.9  1.4  X8         65731  65806  (58555) + (TTTA)n    Simple_repeat       1     77    (0) 461  
   12    5.5  0.0  0.0  X8         67840  67858  (56503) + (TAA)n     Simple_repeat       1     19    (0) 462  
   13    5.2  0.0  0.0  X8         68776  68795  (55566) + (AAG)n     Simple_repeat       1     20    (0) 463  
   12   17.0  2.2  7.0  X8         73724  73768  (50593) + A-rich     Low_complexity      1     43    (0) 464  
   15   25.5  2.0  0.0  X8         73891  73941  (50420) + A-rich     Low_complexity      1     52    (0) 465  
   22    8.4  0.0  5.0  X8         74025  74066  (50295) + (ATTACC)n  Simple_repeat       1     40    (0) 466  
   23   19.8  5.8  0.0  X8         74137  74205  (50156) + A-rich     Low_complexity      1     73    (0) 467  
   16   23.3  0.0  0.0  X8         75242  75276  (49085) + A-rich     Low_complexity      1     35    (0) 468  
   26    6.2  0.0  0.0  X8         75715  75748  (48613) + (TTC)n     Simple_repeat       1     34    (0) 469  
   28   19.6  1.2  5.0  X8         76784  76874  (47487) + (CCACCT)n  Simple_repeat       1     87    (0) 470  
   11   18.7  0.0  7.7  X8         78948  78989  (45372) + (TTCAGC)n  Simple_repeat       1     39    (0) 471  
   20    0.0  0.0  0.0  X8         82596  82617  (41744) + (A)n       Simple_repeat       1     22    (0) 472  
   15   14.2  0.0  3.1  X8         83327  83375  (40986) + (CTT)n     Simple_repeat       1     47    (0) 473  
   15    5.5  0.0  0.0  X8         87779  87797  (36564) + (A)n       Simple_repeat       1     19    (0) 474  
   35    5.1  0.0  0.0  X8         89567  89607  (34754) + (TCTTCA)n  Simple_repeat       1     41    (0) 475  
   17   20.1  0.0  0.0  X8         90751  90784  (33577) + (T)n       Simple_repeat       1     34    (0) 476  
   18   15.5  0.0  6.5  X8         92371  92419  (31942) + GA-rich    Low_complexity      1     46    (0) 477  
   14   18.5  7.0  0.0  X8         95186  95202  (29159) + (TCT)n     Simple_repeat       1     31   (15) 478  
   16    5.3  0.0  0.0  X8         95203  95222  (29139) + (T)n       Simple_repeat       1     20    (0) 479  
   14   18.5  7.0  0.0  X8         95223  95228  (29133) + (TCT)n     Simple_repeat      32     46    (0) 478  
   12    5.6  0.0  0.0  X8        100840 100858  (23503) + (TGA)n     Simple_repeat       1     19    (0) 480  
   22   31.2  0.9  3.8  X8        104769 104877  (19484) + (GCTTCT)n  Simple_repeat       1    106    (0) 481  
   13   17.6  0.0  9.5  X8        106486 106531  (17830) + GA-rich    Low_complexity      1     42    (0) 482  
   18   22.2  1.6  3.3  X8        111657 111717  (12644) + A-rich     Low_complexity      1     60    (0) 483  
   15   20.1  0.0  0.0  X8        114129 114162  (10199) + (CTT)n     Simple_repeat       1     34    (0) 484  
   18   17.1  4.2  2.0  X8        114787 114834   (9527) + GA-rich    Low_complexity      1     49    (0) 485  
   22    0.0  0.0  0.0  X8        115223 115246   (9115) + (T)n       Simple_repeat       1     24    (0) 486  
   15    5.5  0.0  0.0  X8        119457 119475   (4886) + (T)n       Simple_repeat       1     19    (0) 487  
   12   21.8  2.7  0.0  X8        119895 119931   (4430) + A-rich     Low_complexity      1     38    (0) 488  
   56   13.1  2.7  1.8  X8        124243 124299     (62) + G-rich     Low_complexity      1     81   (32) 489  
   12   10.8  2.9  6.1  X8        124300 124333     (28) + (TATGG)n   Simple_repeat       1     33    (0) 490  
   56   13.1  2.7  1.8  X8        124334 124354      (7) + G-rich     Low_complexity     82    113    (0) 489  
